<?xml version="1.0" encoding="utf-8"?><testsuites name="pytest tests"><testsuite name="pytest" errors="0" failures="0" skipped="1" tests="211" time="0.681" timestamp="2026-02-11T17:30:25.261193+00:00" hostname="runnervmwffz4"><testcase classname="tests.unit.test_filesystem.TestPathAccessorStat" name="test_stat_existing_file" time="0.004" /><testcase classname="tests.unit.test_filesystem.TestPathAccessorStat" name="test_stat_existing_directory" time="0.001" /><testcase classname="tests.unit.test_filesystem.TestPathAccessorStat" name="test_stat_nonexistent_path_returns_none" time="0.001" /><testcase classname="tests.unit.test_filesystem.TestPathAccessorStat" name="test_stat_oserror_returns_none" time="0.001" /><testcase classname="tests.unit.test_filesystem.TestPathAccessorStat" name="test_stat_nested_path" time="0.001" /><testcase classname="tests.unit.test_filesystem.TestPathAccessorStat" name="test_stat_symlink_not_followed_py310" time="0.001" /><testcase classname="tests.unit.test_filesystem.TestPathAccessorStat" name="test_stat_uses_lstat_pre_py310" time="0.000"><skipped type="pytest.skip" message="lstat used on Python &lt; 3.10">/home/runner/work/pathable/pathable/tests/unit/test_filesystem.py:95: lstat used on Python &lt; 3.10</skipped></testcase><testcase classname="tests.unit.test_filesystem.TestPathAccessorKeys" name="test_keys_empty_directory" time="0.001" /><testcase classname="tests.unit.test_filesystem.TestPathAccessorKeys" name="test_keys_with_files" time="0.001" /><testcase classname="tests.unit.test_filesystem.TestPathAccessorKeys" name="test_keys_with_directories" time="0.001" /><testcase classname="tests.unit.test_filesystem.TestPathAccessorKeys" name="test_keys_mixed_files_and_directories" time="0.001" /><testcase classname="tests.unit.test_filesystem.TestPathAccessorKeys" name="test_keys_returns_names_not_paths" time="0.001" /><testcase classname="tests.unit.test_filesystem.TestPathAccessorKeys" name="test_keys_nested_directory" time="0.001" /><testcase classname="tests.unit.test_filesystem.TestPathAccessorKeys" name="test_keys_hidden_files" time="0.001" /><testcase classname="tests.unit.test_filesystem.TestFilesystemPathExists" name="test_exists_true_for_file" time="0.001" /><testcase classname="tests.unit.test_filesystem.TestFilesystemPathExists" name="test_exists_true_for_directory" time="0.001" /><testcase classname="tests.unit.test_filesystem.TestFilesystemPathExists" name="test_exists_false_for_nonexistent" time="0.001" /><testcase classname="tests.unit.test_filesystem.TestFilesystemPathExists" name="test_exists_false_when_stat_raises_oserror" time="0.001" /><testcase classname="tests.unit.test_filesystem.TestFilesystemPathExists" name="test_exists_with_nested_path" time="0.001" /><testcase classname="tests.unit.test_filesystem.TestFilesystemPathKeys" name="test_keys_empty_directory" time="0.001" /><testcase classname="tests.unit.test_filesystem.TestFilesystemPathKeys" name="test_keys_with_files" time="0.001" /><testcase classname="tests.unit.test_filesystem.TestFilesystemPathKeys" name="test_keys_returns_names_not_paths" time="0.001" /><testcase classname="tests.unit.test_filesystem.TestFilesystemPathKeys" name="test_keys_nested_with_child_path" time="0.001" /><testcase classname="tests.unit.test_parsers.TestParseParts" name="test_empty" time="0.000" /><testcase classname="tests.unit.test_parsers.TestParseParts" name="test_one" time="0.000" /><testcase classname="tests.unit.test_parsers.TestParseParts" name="test_simple" time="0.000" /><testcase classname="tests.unit.test_parsers.TestParseParts" name="test_none" time="0.000" /><testcase classname="tests.unit.test_parsers.TestParseParts" name="test_relative" time="0.000" /><testcase classname="tests.unit.test_parsers.TestParseParts" name="test_separator" time="0.000" /><testcase classname="tests.unit.test_parsers.TestParseParts" name="test_separator_with_relative" time="0.000" /><testcase classname="tests.unit.test_parsers.TestParseArgs" name="test_empty" time="0.000" /><testcase classname="tests.unit.test_parsers.TestParseArgs" name="test_string" time="0.000" /><testcase classname="tests.unit.test_parsers.TestParseArgs" name="test_string_many" time="0.000" /><testcase classname="tests.unit.test_parsers.TestParseArgs" name="test_path" time="0.000" /><testcase classname="tests.unit.test_parsers.TestParseArgs" name="test_invalid_part" time="0.001" /><testcase classname="tests.unit.test_paths.TestBasePathInit" name="test_default" time="0.000" /><testcase classname="tests.unit.test_paths.TestBasePathInit" name="test_part_text" time="0.000" /><testcase classname="tests.unit.test_paths.TestBasePathInit" name="test_part_binary" time="0.000" /><testcase classname="tests.unit.test_paths.TestBasePathInit" name="test_part_binary_many" time="0.000" /><testcase classname="tests.unit.test_paths.TestBasePathInit" name="test_part_text_many" time="0.000" /><testcase classname="tests.unit.test_paths.TestBasePathInit" name="test_part_path" time="0.000" /><testcase classname="tests.unit.test_paths.TestBasePathInit" name="test_part_path_many" time="0.000" /><testcase classname="tests.unit.test_paths.TestBasePathInit" name="test_separator" time="0.000" /><testcase classname="tests.unit.test_paths.TestBasePathStr" name="test_empty" time="0.000" /><testcase classname="tests.unit.test_paths.TestBasePathStr" name="test_single" time="0.000" /><testcase classname="tests.unit.test_paths.TestBasePathStr" name="test_double" time="0.000" /><testcase classname="tests.unit.test_paths.TestBasePathStr" name="test_separator" time="0.000" /><testcase classname="tests.unit.test_paths.TestBasePathStr" name="test_cparts_cached" time="0.000" /><testcase classname="tests.unit.test_paths.TestBasePathRepr" name="test_empty" time="0.000" /><testcase classname="tests.unit.test_paths.TestBasePathRepr" name="test_single" time="0.000" /><testcase classname="tests.unit.test_paths.TestBasePathRepr" name="test_double" time="0.000" /><testcase classname="tests.unit.test_paths.TestBasePathRepr" name="test_separator" time="0.000" /><testcase classname="tests.unit.test_paths.TestBasePathHash" name="test_empty" time="0.000" /><testcase classname="tests.unit.test_paths.TestBasePathHash" name="test_single" time="0.000" /><testcase classname="tests.unit.test_paths.TestBasePathHash" name="test_double" time="0.000" /><testcase classname="tests.unit.test_paths.TestBasePathHash" name="test_separator" time="0.000" /><testcase classname="tests.unit.test_paths.TestBasePathHash" name="test_cparts_cached" time="0.000" /><testcase classname="tests.unit.test_paths.TestBasePathHash" name="test_separator_part_of_hash" time="0.000" /><testcase classname="tests.unit.test_paths.TestBasePathMakeChild" name="test_none" time="0.000" /><testcase classname="tests.unit.test_paths.TestBasePathMakeChild" name="test_arg" time="0.000" /><testcase classname="tests.unit.test_paths.TestBasePathMakeChild" name="test_arg_unparsed" time="0.000" /><testcase classname="tests.unit.test_paths.TestBasePathMakeChild" name="test_args_many" time="0.000" /><testcase classname="tests.unit.test_paths.TestBasePathMakeChildRelPath" name="test_part" time="0.000" /><testcase classname="tests.unit.test_paths.TestBasePathTruediv" name="test_default_empty" time="0.000" /><testcase classname="tests.unit.test_paths.TestBasePathTruediv" name="test_parts[--parts0-/]" time="0.001" /><testcase classname="tests.unit.test_paths.TestBasePathTruediv" name="test_parts[-part1-parts1-/]" time="0.001" /><testcase classname="tests.unit.test_paths.TestBasePathTruediv" name="test_parts[part1--parts2-/]" time="0.001" /><testcase classname="tests.unit.test_paths.TestBasePathTruediv" name="test_parts[part1-part2-parts3-/]" time="0.001" /><testcase classname="tests.unit.test_paths.TestBasePathTruediv" name="test_parts[--parts4-/]" time="0.001" /><testcase classname="tests.unit.test_paths.TestBasePathTruediv" name="test_parts[-part1-parts5-/]" time="0.001" /><testcase classname="tests.unit.test_paths.TestBasePathTruediv" name="test_parts[part1--parts6-/]" time="0.001" /><testcase classname="tests.unit.test_paths.TestBasePathTruediv" name="test_parts[part1-part2-parts7-/]" time="0.001" /><testcase classname="tests.unit.test_paths.TestBasePathTruediv" name="test_parts[part1-part28-parts8-/]" time="0.001" /><testcase classname="tests.unit.test_paths.TestBasePathTruediv" name="test_parts[part19-part2-parts9-/]" time="0.001" /><testcase classname="tests.unit.test_paths.TestBasePathTruediv" name="test_parts[part110-part210-parts10-/]" time="0.001" /><testcase classname="tests.unit.test_paths.TestBasePathTruediv" name="test_combined" time="0.000" /><testcase classname="tests.unit.test_paths.TestBasePathTruediv" name="test_combined_different_separators" time="0.000" /><testcase classname="tests.unit.test_paths.TestBasePathTruediv" name="test_type_not_implemented" time="0.000" /><testcase classname="tests.unit.test_paths.TestBasePathRtruediv" name="test_default_empty" time="0.000" /><testcase classname="tests.unit.test_paths.TestBasePathRtruediv" name="test_parts[--parts0-/]" time="0.001" /><testcase classname="tests.unit.test_paths.TestBasePathRtruediv" name="test_parts[-part1-parts1-/]" time="0.001" /><testcase classname="tests.unit.test_paths.TestBasePathRtruediv" name="test_parts[part1--parts2-/]" time="0.001" /><testcase classname="tests.unit.test_paths.TestBasePathRtruediv" name="test_parts[part1-part2-parts3-/]" time="0.001" /><testcase classname="tests.unit.test_paths.TestBasePathRtruediv" name="test_parts[--parts4-/]" time="0.001" /><testcase classname="tests.unit.test_paths.TestBasePathRtruediv" name="test_parts[-part1-parts5-/]" time="0.001" /><testcase classname="tests.unit.test_paths.TestBasePathRtruediv" name="test_parts[part1--parts6-/]" time="0.001" /><testcase classname="tests.unit.test_paths.TestBasePathRtruediv" name="test_parts[part1-part2-parts7-/]" time="0.001" /><testcase classname="tests.unit.test_paths.TestBasePathRtruediv" name="test_parts[part1-part28-parts8-/]" time="0.001" /><testcase classname="tests.unit.test_paths.TestBasePathRtruediv" name="test_parts[part19-part2-parts9-/]" time="0.001" /><testcase classname="tests.unit.test_paths.TestBasePathRtruediv" name="test_parts[part110-part210-parts10-/]" time="0.001" /><testcase classname="tests.unit.test_paths.TestBasePathRtruediv" name="test_combined" time="0.000" /><testcase classname="tests.unit.test_paths.TestBasePathRtruediv" name="test_type_not_implemented" time="0.000" /><testcase classname="tests.unit.test_paths.TestBasePathRtruediv" name="test_preserves_separator" time="0.000" /><testcase classname="tests.unit.test_paths.TestBasePathEq" name="test_parts[--True]" time="0.001" /><testcase classname="tests.unit.test_paths.TestBasePathEq" name="test_parts[-part-False]" time="0.001" /><testcase classname="tests.unit.test_paths.TestBasePathEq" name="test_parts[part--False]" time="0.001" /><testcase classname="tests.unit.test_paths.TestBasePathEq" name="test_parts[part-part-True]" time="0.001" /><testcase classname="tests.unit.test_paths.TestBasePathEq" name="test_parts[part-part24-True]" time="0.001" /><testcase classname="tests.unit.test_paths.TestBasePathEq" name="test_parts[part15-part-True]" time="0.001" /><testcase classname="tests.unit.test_paths.TestBasePathEq" name="test_parts[part16-part26-True]" time="0.001" /><testcase classname="tests.unit.test_paths.TestBasePathEq" name="test_type_not_implemented" time="0.000" /><testcase classname="tests.unit.test_paths.TestBasePathEq" name="test_type_sensitive_parts" time="0.000" /><testcase classname="tests.unit.test_paths.TestBasePathEq" name="test_separator_part_of_equality" time="0.000" /><testcase classname="tests.unit.test_paths.TestBasePathLt" name="test_parts[--False]" time="0.001" /><testcase classname="tests.unit.test_paths.TestBasePathLt" name="test_parts[-part-True]" time="0.001" /><testcase classname="tests.unit.test_paths.TestBasePathLt" name="test_parts[part--False]" time="0.001" /><testcase classname="tests.unit.test_paths.TestBasePathLt" name="test_parts[part-part-False]" time="0.001" /><testcase classname="tests.unit.test_paths.TestBasePathLt" name="test_parts[part-part2-True]" time="0.001" /><testcase classname="tests.unit.test_paths.TestBasePathLt" name="test_parts[part-part25-False]" time="0.001" /><testcase classname="tests.unit.test_paths.TestBasePathLt" name="test_parts[part-part26-True]" time="0.001" /><testcase classname="tests.unit.test_paths.TestBasePathLt" name="test_parts[part17-part-False]" time="0.001" /><testcase classname="tests.unit.test_paths.TestBasePathLt" name="test_parts[part18-part28-False]" time="0.001" /><testcase classname="tests.unit.test_paths.TestBasePathLt" name="test_parts[part19-part29-True]" time="0.001" /><testcase classname="tests.unit.test_paths.TestBasePathLt" name="test_type_not_implemented" time="0.000" /><testcase classname="tests.unit.test_paths.TestBasePathLt" name="test_mixed_type_ordering_is_deterministic" time="0.000" /><testcase classname="tests.unit.test_paths.TestBasePathLt" name="test_separator_affects_ordering" time="0.000" /><testcase classname="tests.unit.test_paths.TestBasePathLt" name="test_type_identifier_includes_module" time="0.000" /><testcase classname="tests.unit.test_paths.TestBasePathLe" name="test_parts[--True]" time="0.001" /><testcase classname="tests.unit.test_paths.TestBasePathLe" name="test_parts[-part-True]" time="0.001" /><testcase classname="tests.unit.test_paths.TestBasePathLe" name="test_parts[part--False]" time="0.001" /><testcase classname="tests.unit.test_paths.TestBasePathLe" name="test_parts[part-part-True]" time="0.001" /><testcase classname="tests.unit.test_paths.TestBasePathLe" name="test_parts[part-part2-True]" time="0.001" /><testcase classname="tests.unit.test_paths.TestBasePathLe" name="test_parts[part-part25-True]" time="0.001" /><testcase classname="tests.unit.test_paths.TestBasePathLe" name="test_parts[part-part26-True]" time="0.001" /><testcase classname="tests.unit.test_paths.TestBasePathLe" name="test_parts[part17-part-True]" time="0.001" /><testcase classname="tests.unit.test_paths.TestBasePathLe" name="test_parts[part18-part28-True]" time="0.001" /><testcase classname="tests.unit.test_paths.TestBasePathLe" name="test_parts[part19-part29-True]" time="0.001" /><testcase classname="tests.unit.test_paths.TestBasePathLe" name="test_type_not_implemented" time="0.000" /><testcase classname="tests.unit.test_paths.TestBasePathGt" name="test_parts[--False]" time="0.001" /><testcase classname="tests.unit.test_paths.TestBasePathGt" name="test_parts[-part-False]" time="0.001" /><testcase classname="tests.unit.test_paths.TestBasePathGt" name="test_parts[part--True]" time="0.001" /><testcase classname="tests.unit.test_paths.TestBasePathGt" name="test_parts[part-part-False]" time="0.001" /><testcase classname="tests.unit.test_paths.TestBasePathGt" name="test_parts[part-part2-False]" time="0.001" /><testcase classname="tests.unit.test_paths.TestBasePathGt" name="test_parts[part-part25-False]" time="0.001" /><testcase classname="tests.unit.test_paths.TestBasePathGt" name="test_parts[part-part26-False]" time="0.001" /><testcase classname="tests.unit.test_paths.TestBasePathGt" name="test_parts[part17-part-False]" time="0.001" /><testcase classname="tests.unit.test_paths.TestBasePathGt" name="test_parts[part18-part28-False]" time="0.001" /><testcase classname="tests.unit.test_paths.TestBasePathGt" name="test_parts[part19-part29-False]" time="0.001" /><testcase classname="tests.unit.test_paths.TestBasePathGt" name="test_type_not_implemented" time="0.000" /><testcase classname="tests.unit.test_paths.TestBasePathGe" name="test_parts[--True]" time="0.001" /><testcase classname="tests.unit.test_paths.TestBasePathGe" name="test_parts[-part-False]" time="0.001" /><testcase classname="tests.unit.test_paths.TestBasePathGe" name="test_parts[part--True]" time="0.001" /><testcase classname="tests.unit.test_paths.TestBasePathGe" name="test_parts[part-part-True]" time="0.001" /><testcase classname="tests.unit.test_paths.TestBasePathGe" name="test_parts[part-part2-False]" time="0.001" /><testcase classname="tests.unit.test_paths.TestBasePathGe" name="test_parts[part-part25-True]" time="0.001" /><testcase classname="tests.unit.test_paths.TestBasePathGe" name="test_parts[part-part26-False]" time="0.001" /><testcase classname="tests.unit.test_paths.TestBasePathGe" name="test_parts[part17-part-True]" time="0.001" /><testcase classname="tests.unit.test_paths.TestBasePathGe" name="test_parts[part18-part28-True]" time="0.001" /><testcase classname="tests.unit.test_paths.TestBasePathGe" name="test_parts[part19-part29-False]" time="0.001" /><testcase classname="tests.unit.test_paths.TestBasePathGe" name="test_type_not_implemented" time="0.000" /><testcase classname="tests.unit.test_paths.TestAccessorPathLen" name="test_empty" time="0.000" /><testcase classname="tests.unit.test_paths.TestAccessorPathLen" name="test_value" time="0.000" /><testcase classname="tests.unit.test_paths.TestAccessorPathKeys" name="test_empty" time="0.000" /><testcase classname="tests.unit.test_paths.TestAccessorPathKeys" name="test_value" time="0.000" /><testcase classname="tests.unit.test_paths.TestAccessorPathContains" name="test_valid" time="0.000" /><testcase classname="tests.unit.test_paths.TestAccessorPathContains" name="test_invalid" time="0.000" /><testcase classname="tests.unit.test_paths.TestAccessorPathItems" name="test_empty" time="0.000" /><testcase classname="tests.unit.test_paths.TestAccessorPathItems" name="test_keys" time="0.000" /><testcase classname="tests.unit.test_paths.TestAccessorPathIter" name="test_empty" time="0.000" /><testcase classname="tests.unit.test_paths.TestAccessorPathIter" name="test_value" time="0.000" /><testcase classname="tests.unit.test_paths.TestLookupPathIter" name="test_object" time="0.001" /><testcase classname="tests.unit.test_paths.TestLookupPathIter" name="test_list" time="0.001" /><testcase classname="tests.unit.test_paths.TestLookupPathGetItem" name="test_valid" time="0.001" /><testcase classname="tests.unit.test_paths.TestLookupPathGetItem" name="test_invalid" time="0.000" /><testcase classname="tests.unit.test_paths.TestLookupPathReadValue" name="test_valid[resource0-args0-testvalue]" time="0.001" /><testcase classname="tests.unit.test_paths.TestLookupPathReadValue" name="test_valid[resource1-args1-testvalue]" time="0.001" /><testcase classname="tests.unit.test_paths.TestLookupPathReadValue" name="test_invalid[resource0-args0]" time="0.001" /><testcase classname="tests.unit.test_paths.TestLookupPathReadValue" name="test_invalid[resource1-args1]" time="0.001" /><testcase classname="tests.unit.test_paths.TestLookupPathGet" name="test_non_existing_key_default_none" time="0.000" /><testcase classname="tests.unit.test_paths.TestLookupPathGet" name="test_non_existing_key_default_defined" time="0.000" /><testcase classname="tests.unit.test_paths.TestLookupPathGet" name="test_key_exists[resource0-test1-test2]" time="0.001" /><testcase classname="tests.unit.test_paths.TestLookupPathGet" name="test_key_exists[resource1-test1-expected1]" time="0.001" /><testcase classname="tests.unit.test_paths.TestLookupPathExists" name="test_non_existing_key" time="0.000" /><testcase classname="tests.unit.test_paths.TestLookupPathExists" name="test_key_exists[resource0-test1]" time="0.001" /><testcase classname="tests.unit.test_paths.TestLookupPathExists" name="test_key_exists[resource1-test1]" time="0.001" /><testcase classname="tests.unit.test_paths.TestLookupPathExists" name="test_key_exists[resource2-test1]" time="0.001" /><testcase classname="tests.unit.test_paths.TestLookupPathExists" name="test_key_exists[resource3-test1]" time="0.001" /><testcase classname="tests.unit.test_paths.TestLookupPathFloorDiv" name="test_non_existing_key" time="0.000" /><testcase classname="tests.unit.test_paths.TestLookupPathFloorDiv" name="test_key_exists[resource0-test1-expected0]" time="0.001" /><testcase classname="tests.unit.test_paths.TestLookupPathFloorDiv" name="test_key_exists[resource1-test1-expected1]" time="0.001" /><testcase classname="tests.unit.test_paths.TestLookupPathRfloorDiv" name="test_non_existing_key" time="0.000" /><testcase classname="tests.unit.test_paths.TestLookupPathRfloorDiv" name="test_key_exists[resource0-test1-expected0]" time="0.001" /><testcase classname="tests.unit.test_paths.TestLookupPathRfloorDiv" name="test_key_exists[resource1-test1-expected1]" time="0.001" /><testcase classname="tests.unit.test_paths.TestLookupPathLen" name="test_empty" time="0.000" /><testcase classname="tests.unit.test_paths.TestLookupPathLen" name="test_value" time="0.000" /><testcase classname="tests.unit.test_paths.TestLookupPathLen" name="test_single" time="0.000" /><testcase classname="tests.unit.test_paths.TestLookupPathLen" name="test_list" time="0.000" /><testcase classname="tests.unit.test_paths.TestLookupPathKeys" name="test_empty" time="0.000" /><testcase classname="tests.unit.test_paths.TestLookupPathKeys" name="test_value" time="0.000" /><testcase classname="tests.unit.test_paths.TestLookupPathKeys" name="test_string" time="0.000" /><testcase classname="tests.unit.test_paths.TestLookupPathKeys" name="test_dict" time="0.000" /><testcase classname="tests.unit.test_paths.TestLookupPathKeys" name="test_list" time="0.000" /><testcase classname="tests.unit.test_paths.TestLookupPathContains" name="test_valid" time="0.000" /><testcase classname="tests.unit.test_paths.TestLookupPathContains" name="test_invalid" time="0.000" /><testcase classname="tests.unit.test_paths.TestLookupPathItems" name="test_empty" time="0.000" /><testcase classname="tests.unit.test_paths.TestLookupPathItems" name="test_keys" time="0.000" /><testcase classname="tests.unit.test_paths.TestLookupPathOpen" name="test_content_cached" time="0.001" /><testcase classname="tests.unit.test_paths.TestLookupPathFromLookup" name="test_from_lookup_matches_private_constructor" time="0.000" /><testcase classname="tests.unit.test_paths.TestAccessorPathOpenAndStat" name="test_open_yields_read_value" time="0.000" /><testcase classname="tests.unit.test_paths.TestAccessorPathOpenAndStat" name="test_stat_returns_none_for_missing" time="0.000" /><testcase classname="tests.unit.test_paths.TestPathlibLikeManipulation" name="test_name_parent_parents" time="0.000" /><testcase classname="tests.unit.test_paths.TestPathlibLikeManipulation" name="test_joinpath" time="0.000" /><testcase classname="tests.unit.test_paths.TestPathlibLikeManipulation" name="test_suffix_stem_suffixes" time="0.000" /><testcase classname="tests.unit.test_paths.TestPathlibLikeManipulation" name="test_with_name_and_with_suffix" time="0.000" /><testcase classname="tests.unit.test_paths.TestPathlibLikeManipulation" name="test_with_name_respects_separator" time="0.000" /><testcase classname="tests.unit.test_paths.TestPathlibLikeManipulation" name="test_relative_to_and_is_relative_to" time="0.000" /><testcase classname="tests.unit.test_paths.TestPathlibLikeManipulation" name="test_relative_to_and_is_relative_to_custom_separator" time="0.000" /><testcase classname="tests.unit.test_paths.TestPathlibLikeManipulation" name="test_as_posix_and_fspath" time="0.000" /><testcase classname="tests.unit.test_paths.TestAccessorPathPathlibCompat" name="test_parent_preserves_accessor" time="0.000" /><testcase classname="tests.unit.test_paths.TestAccessorPathPathlibCompat" name="test_relative_to_preserves_accessor" time="0.000" /><testcase classname="tests.unit.test_paths.TestAccessorPathPathlibCompat" name="test_with_name_preserves_accessor" time="0.001" /></testsuite></testsuites>